# Type.member (after type mapping) -> replacement expression prefix
ItemStack.EMPTY -> M.EMPTY
Minecraft.getInstance -> Minecraft.getMinecraft
EntityLiving.createMobAttributes -> M.createMobAttributes
EntityMob.createMonsterAttributes -> M.createMonsterAttributes
EntityLivingBase.createLivingAttributes -> M.createLivingAttributes
EntityAnimal.createAnimalAttributes -> M.createMobAttributes
EntityTameable.createMobAttributes -> M.createMobAttributes
EntityCreature.createMobAttributes -> M.createMobAttributes
EntityMob.createMobAttributes -> M.createMobAttributes
GuiScreen.hasShiftDown -> GuiScreen.isShiftKeyDown
GuiScreen.hasControlDown -> GuiScreen.isCtrlKeyDown
GuiScreen.hasAltDown -> M.hasAltDown
Block.OUTLINE -> M.BLOCK_OUTLINE
Block.UPDATE_ALL -> M.BLOCK_UPDATE_ALL
Block.getId -> M.blockStateId
Block.stateById -> M.blockStateById
Block.dropResources -> M.dropResources
Block.box -> M.box
EntityMob.isDarkEnoughToSpawn -> M.isDarkEnoughToSpawn
EntityMob.checkMonsterSpawnRules -> M.checkMonsterSpawnRules
EntityLiving.checkMobSpawnRules -> M.checkMobSpawnRules
EntityAnimal.checkAnimalSpawnRules -> M.checkAnimalSpawnRules
World.OVERWORLD -> M.OVERWORLD
World.NETHER -> M.NETHER
World.END -> M.END
Minecraft.useShaderTransparency -> M.useShaderTransparency
ItemStack.isSameItemSameTags -> M.isSameItemSameTags
ItemStack.isSameItem -> M.isSameItem
ItemStack.matches -> M.stacksMatch
